<?xml version="1.0" encoding="UTF-8"?>
<testsuites>
  <testsuite name="/home/federico/Desktop/Inase/seed_lab/phpunit.xml.dist" tests="43" assertions="96" errors="0" failures="0" skipped="0" time="7.238207">
    <testsuite name="App Test Suite" tests="43" assertions="96" errors="0" failures="0" skipped="0" time="7.238207">
      <testsuite name="App\Test\TestCase\ApplicationTest" file="/home/federico/Desktop/Inase/seed_lab/tests/TestCase/ApplicationTest.php" tests="3" assertions="7" errors="0" failures="0" skipped="0" time="0.008377">
        <testcase name="testBootstrap" file="/home/federico/Desktop/Inase/seed_lab/tests/TestCase/ApplicationTest.php" line="40" class="App\Test\TestCase\ApplicationTest" classname="App.Test.TestCase.ApplicationTest" assertions="3" time="0.004839"/>
        <testcase name="testBootstrapInDebug" file="/home/federico/Desktop/Inase/seed_lab/tests/TestCase/ApplicationTest.php" line="57" class="App\Test\TestCase\ApplicationTest" classname="App.Test.TestCase.ApplicationTest" assertions="1" time="0.000877"/>
        <testcase name="testMiddleware" file="/home/federico/Desktop/Inase/seed_lab/tests/TestCase/ApplicationTest.php" line="72" class="App\Test\TestCase\ApplicationTest" classname="App.Test.TestCase.ApplicationTest" assertions="3" time="0.002661"/>
      </testsuite>
      <testsuite name="App\Test\TestCase\Controller\MuestrasControllerTest" file="/home/federico/Desktop/Inase/seed_lab/tests/TestCase/Controller/MuestrasControllerTest.php" tests="8" assertions="25" errors="0" failures="0" skipped="0" time="1.587186">
        <testcase name="testIndexMuestraListadoDeMuestras" file="/home/federico/Desktop/Inase/seed_lab/tests/TestCase/Controller/MuestrasControllerTest.php" line="22" class="App\Test\TestCase\Controller\MuestrasControllerTest" classname="App.Test.TestCase.Controller.MuestrasControllerTest" assertions="3" time="0.227091"/>
        <testcase name="testVerDetalleConIdValido" file="/home/federico/Desktop/Inase/seed_lab/tests/TestCase/Controller/MuestrasControllerTest.php" line="31" class="App\Test\TestCase\Controller\MuestrasControllerTest" classname="App.Test.TestCase.Controller.MuestrasControllerTest" assertions="3" time="0.167793"/>
        <testcase name="testCrearMuestraNuevaGeneraCodigoDeMuestra" file="/home/federico/Desktop/Inase/seed_lab/tests/TestCase/Controller/MuestrasControllerTest.php" line="40" class="App\Test\TestCase\Controller\MuestrasControllerTest" classname="App.Test.TestCase.Controller.MuestrasControllerTest" assertions="4" time="0.220710"/>
        <testcase name="testEditarActualizaFecha" file="/home/federico/Desktop/Inase/seed_lab/tests/TestCase/Controller/MuestrasControllerTest.php" line="59" class="App\Test\TestCase\Controller\MuestrasControllerTest" classname="App.Test.TestCase.Controller.MuestrasControllerTest" assertions="4" time="0.197926"/>
        <testcase name="testEliminarMuestraEliminaResultadosEnCascada" file="/home/federico/Desktop/Inase/seed_lab/tests/TestCase/Controller/MuestrasControllerTest.php" line="77" class="App\Test\TestCase\Controller\MuestrasControllerTest" classname="App.Test.TestCase.Controller.MuestrasControllerTest" assertions="4" time="0.197202"/>
        <testcase name="testReporteModoResumenSoloMuestraUltimosResultados" file="/home/federico/Desktop/Inase/seed_lab/tests/TestCase/Controller/MuestrasControllerTest.php" line="91" class="App\Test\TestCase\Controller\MuestrasControllerTest" classname="App.Test.TestCase.Controller.MuestrasControllerTest" assertions="4" time="0.229547"/>
        <testcase name="testReporteFiltradoPorEspecie" file="/home/federico/Desktop/Inase/seed_lab/tests/TestCase/Controller/MuestrasControllerTest.php" line="111" class="App\Test\TestCase\Controller\MuestrasControllerTest" classname="App.Test.TestCase.Controller.MuestrasControllerTest" assertions="2" time="0.171755"/>
        <testcase name="testReporteOrdenamientoPorCodigo" file="/home/federico/Desktop/Inase/seed_lab/tests/TestCase/Controller/MuestrasControllerTest.php" line="119" class="App\Test\TestCase\Controller\MuestrasControllerTest" classname="App.Test.TestCase.Controller.MuestrasControllerTest" assertions="1" time="0.175162"/>
      </testsuite>
      <testsuite name="App\Test\TestCase\Controller\PagesControllerTest" file="/home/federico/Desktop/Inase/seed_lab/tests/TestCase/Controller/PagesControllerTest.php" tests="4" assertions="9" errors="0" failures="0" skipped="0" time="0.689537">
        <testcase name="testHomeMuestraEstadisticas" file="/home/federico/Desktop/Inase/seed_lab/tests/TestCase/Controller/PagesControllerTest.php" line="15" class="App\Test\TestCase\Controller\PagesControllerTest" classname="App.Test.TestCase.Controller.PagesControllerTest" assertions="3" time="0.187551"/>
        <testcase name="testHomeCalculaEstadisticasCorrectamente" file="/home/federico/Desktop/Inase/seed_lab/tests/TestCase/Controller/PagesControllerTest.php" line="24" class="App\Test\TestCase\Controller\PagesControllerTest" classname="App.Test.TestCase.Controller.PagesControllerTest" assertions="2" time="0.161147"/>
        <testcase name="testHomeTieneLinkAMuestras" file="/home/federico/Desktop/Inase/seed_lab/tests/TestCase/Controller/PagesControllerTest.php" line="35" class="App\Test\TestCase\Controller\PagesControllerTest" classname="App.Test.TestCase.Controller.PagesControllerTest" assertions="2" time="0.182823"/>
        <testcase name="testHomeTieneLinkAReportes" file="/home/federico/Desktop/Inase/seed_lab/tests/TestCase/Controller/PagesControllerTest.php" line="43" class="App\Test\TestCase\Controller\PagesControllerTest" classname="App.Test.TestCase.Controller.PagesControllerTest" assertions="2" time="0.158017"/>
      </testsuite>
      <testsuite name="App\Test\TestCase\Controller\ResultadosControllerTest" file="/home/federico/Desktop/Inase/seed_lab/tests/TestCase/Controller/ResultadosControllerTest.php" tests="5" assertions="11" errors="0" failures="0" skipped="0" time="0.941109">
        <testcase name="testAgregarResultadoConDatosValidos" file="/home/federico/Desktop/Inase/seed_lab/tests/TestCase/Controller/ResultadosControllerTest.php" line="22" class="App\Test\TestCase\Controller\ResultadosControllerTest" classname="App.Test.TestCase.Controller.ResultadosControllerTest" assertions="3" time="0.175038"/>
        <testcase name="testEditarResultadoExistente" file="/home/federico/Desktop/Inase/seed_lab/tests/TestCase/Controller/ResultadosControllerTest.php" line="41" class="App\Test\TestCase\Controller\ResultadosControllerTest" classname="App.Test.TestCase.Controller.ResultadosControllerTest" assertions="3" time="0.192019"/>
        <testcase name="testEliminarResultadoVuelveADetalleMuestra" file="/home/federico/Desktop/Inase/seed_lab/tests/TestCase/Controller/ResultadosControllerTest.php" line="59" class="App\Test\TestCase\Controller\ResultadosControllerTest" classname="App.Test.TestCase.Controller.ResultadosControllerTest" assertions="2" time="0.180091"/>
        <testcase name="testRefererHomeRedirigeCorrectamente" file="/home/federico/Desktop/Inase/seed_lab/tests/TestCase/Controller/ResultadosControllerTest.php" line="66" class="App\Test\TestCase\Controller\ResultadosControllerTest" classname="App.Test.TestCase.Controller.ResultadosControllerTest" assertions="2" time="0.174823"/>
        <testcase name="testConversionFechaFormatoDMY" file="/home/federico/Desktop/Inase/seed_lab/tests/TestCase/Controller/ResultadosControllerTest.php" line="77" class="App\Test\TestCase\Controller\ResultadosControllerTest" classname="App.Test.TestCase.Controller.ResultadosControllerTest" assertions="1" time="0.219138"/>
      </testsuite>
      <testsuite name="App\Test\TestCase\Model\Behavior\CodigoGeneratorBehaviorTest" file="/home/federico/Desktop/Inase/seed_lab/tests/TestCase/Model/Behavior/CodigoGeneratorBehaviorTest.php" tests="5" assertions="7" errors="0" failures="0" skipped="0" time="0.593046">
        <testcase name="testCodigoDeMuestraSeGeneraAutomaticamente" file="/home/federico/Desktop/Inase/seed_lab/tests/TestCase/Model/Behavior/CodigoGeneratorBehaviorTest.php" line="26" class="App\Test\TestCase\Model\Behavior\CodigoGeneratorBehaviorTest" classname="App.Test.TestCase.Model.Behavior.CodigoGeneratorBehaviorTest" assertions="2" time="0.112169"/>
        <testcase name="testFormatoCodigoAñoActual" file="/home/federico/Desktop/Inase/seed_lab/tests/TestCase/Model/Behavior/CodigoGeneratorBehaviorTest.php" line="38" class="App\Test\TestCase\Model\Behavior\CodigoGeneratorBehaviorTest" classname="App.Test.TestCase.Model.Behavior.CodigoGeneratorBehaviorTest" assertions="1" time="0.102793"/>
        <testcase name="testNumeroSecuencialTiene4Digitos" file="/home/federico/Desktop/Inase/seed_lab/tests/TestCase/Model/Behavior/CodigoGeneratorBehaviorTest.php" line="47" class="App\Test\TestCase\Model\Behavior\CodigoGeneratorBehaviorTest" classname="App.Test.TestCase.Model.Behavior.CodigoGeneratorBehaviorTest" assertions="2" time="0.101561"/>
        <testcase name="testSecuenciaIncrementaCorrectamente" file="/home/federico/Desktop/Inase/seed_lab/tests/TestCase/Model/Behavior/CodigoGeneratorBehaviorTest.php" line="58" class="App\Test\TestCase\Model\Behavior\CodigoGeneratorBehaviorTest" classname="App.Test.TestCase.Model.Behavior.CodigoGeneratorBehaviorTest" assertions="1" time="0.115663"/>
        <testcase name="testGenerarMultiplesCodigosSeguidos" file="/home/federico/Desktop/Inase/seed_lab/tests/TestCase/Model/Behavior/CodigoGeneratorBehaviorTest.php" line="72" class="App\Test\TestCase\Model\Behavior\CodigoGeneratorBehaviorTest" classname="App.Test.TestCase.Model.Behavior.CodigoGeneratorBehaviorTest" assertions="1" time="0.160859"/>
      </testsuite>
      <testsuite name="App\Test\TestCase\Model\Table\MuestrasTableTest" file="/home/federico/Desktop/Inase/seed_lab/tests/TestCase/Model/Table/MuestrasTableTest.php" tests="8" assertions="16" errors="0" failures="0" skipped="0" time="1.560187">
        <testcase name="testNumeroPrecintoEsObligatorio" file="/home/federico/Desktop/Inase/seed_lab/tests/TestCase/Model/Table/MuestrasTableTest.php" line="26" class="App\Test\TestCase\Model\Table\MuestrasTableTest" classname="App.Test.TestCase.Model.Table.MuestrasTableTest" assertions="2" time="0.177183"/>
        <testcase name="testPrecintoDuplicadoNoPermitido" file="/home/federico/Desktop/Inase/seed_lab/tests/TestCase/Model/Table/MuestrasTableTest.php" line="36" class="App\Test\TestCase\Model\Table\MuestrasTableTest" classname="App.Test.TestCase.Model.Table.MuestrasTableTest" assertions="2" time="0.178085"/>
        <testcase name="testCantidadNegativaEsRechazada" file="/home/federico/Desktop/Inase/seed_lab/tests/TestCase/Model/Table/MuestrasTableTest.php" line="48" class="App\Test\TestCase\Model\Table\MuestrasTableTest" classname="App.Test.TestCase.Model.Table.MuestrasTableTest" assertions="1" time="0.183733"/>
        <testcase name="testCamposOpcionalesAceptanNull" file="/home/federico/Desktop/Inase/seed_lab/tests/TestCase/Model/Table/MuestrasTableTest.php" line="58" class="App\Test\TestCase\Model\Table\MuestrasTableTest" classname="App.Test.TestCase.Model.Table.MuestrasTableTest" assertions="3" time="0.184021"/>
        <testcase name="testRelacionConResultadosEsCascada" file="/home/federico/Desktop/Inase/seed_lab/tests/TestCase/Model/Table/MuestrasTableTest.php" line="71" class="App\Test\TestCase\Model\Table\MuestrasTableTest" classname="App.Test.TestCase.Model.Table.MuestrasTableTest" assertions="2" time="0.176043"/>
        <testcase name="testLongitudMaximaEmpresa" file="/home/federico/Desktop/Inase/seed_lab/tests/TestCase/Model/Table/MuestrasTableTest.php" line="79" class="App\Test\TestCase\Model\Table\MuestrasTableTest" classname="App.Test.TestCase.Model.Table.MuestrasTableTest" assertions="2" time="0.288859"/>
        <testcase name="testGuardadoCompletoCamposCorrectos" file="/home/federico/Desktop/Inase/seed_lab/tests/TestCase/Model/Table/MuestrasTableTest.php" line="92" class="App\Test\TestCase\Model\Table\MuestrasTableTest" classname="App.Test.TestCase.Model.Table.MuestrasTableTest" assertions="3" time="0.183596"/>
        <testcase name="testPrecintoConCaracteresEspeciales" file="/home/federico/Desktop/Inase/seed_lab/tests/TestCase/Model/Table/MuestrasTableTest.php" line="108" class="App\Test\TestCase\Model\Table\MuestrasTableTest" classname="App.Test.TestCase.Model.Table.MuestrasTableTest" assertions="1" time="0.188667"/>
      </testsuite>
      <testsuite name="App\Test\TestCase\Model\Table\ResultadosTableTest" file="/home/federico/Desktop/Inase/seed_lab/tests/TestCase/Model/Table/ResultadosTableTest.php" tests="10" assertions="21" errors="0" failures="0" skipped="0" time="1.858766">
        <testcase name="testPoderGerminativoMayorA100Rechazado" file="/home/federico/Desktop/Inase/seed_lab/tests/TestCase/Model/Table/ResultadosTableTest.php" line="26" class="App\Test\TestCase\Model\Table\ResultadosTableTest" classname="App.Test.TestCase.Model.Table.ResultadosTableTest" assertions="2" time="0.189068"/>
        <testcase name="testPoderGerminativoNegativoRechazado" file="/home/federico/Desktop/Inase/seed_lab/tests/TestCase/Model/Table/ResultadosTableTest.php" line="37" class="App\Test\TestCase\Model\Table\ResultadosTableTest" classname="App.Test.TestCase.Model.Table.ResultadosTableTest" assertions="1" time="0.176951"/>
        <testcase name="testPurezaFueraRangoSuperior" file="/home/federico/Desktop/Inase/seed_lab/tests/TestCase/Model/Table/ResultadosTableTest.php" line="47" class="App\Test\TestCase\Model\Table\ResultadosTableTest" classname="App.Test.TestCase.Model.Table.ResultadosTableTest" assertions="1" time="0.171466"/>
        <testcase name="testPurezaFueraRangoInferior" file="/home/federico/Desktop/Inase/seed_lab/tests/TestCase/Model/Table/ResultadosTableTest.php" line="57" class="App\Test\TestCase\Model\Table\ResultadosTableTest" classname="App.Test.TestCase.Model.Table.ResultadosTableTest" assertions="1" time="0.184451"/>
        <testcase name="testGuardadoConValoresLimite" file="/home/federico/Desktop/Inase/seed_lab/tests/TestCase/Model/Table/ResultadosTableTest.php" line="67" class="App\Test\TestCase\Model\Table\ResultadosTableTest" classname="App.Test.TestCase.Model.Table.ResultadosTableTest" assertions="3" time="0.182137"/>
        <testcase name="testGuardadoConDecimales" file="/home/federico/Desktop/Inase/seed_lab/tests/TestCase/Model/Table/ResultadosTableTest.php" line="82" class="App\Test\TestCase\Model\Table\ResultadosTableTest" classname="App.Test.TestCase.Model.Table.ResultadosTableTest" assertions="2" time="0.183361"/>
        <testcase name="testCamposOpcionalesNulos" file="/home/federico/Desktop/Inase/seed_lab/tests/TestCase/Model/Table/ResultadosTableTest.php" line="96" class="App\Test\TestCase\Model\Table\ResultadosTableTest" classname="App.Test.TestCase.Model.Table.ResultadosTableTest" assertions="3" time="0.176458"/>
        <testcase name="testRelacionConMuestrasEsInner" file="/home/federico/Desktop/Inase/seed_lab/tests/TestCase/Model/Table/ResultadosTableTest.php" line="109" class="App\Test\TestCase\Model\Table\ResultadosTableTest" classname="App.Test.TestCase.Model.Table.ResultadosTableTest" assertions="2" time="0.211280"/>
        <testcase name="testMuestraIdInexistenteRechazado" file="/home/federico/Desktop/Inase/seed_lab/tests/TestCase/Model/Table/ResultadosTableTest.php" line="117" class="App\Test\TestCase\Model\Table\ResultadosTableTest" classname="App.Test.TestCase.Model.Table.ResultadosTableTest" assertions="2" time="0.206471"/>
        <testcase name="testMismasMuestrasVariosResultados" file="/home/federico/Desktop/Inase/seed_lab/tests/TestCase/Model/Table/ResultadosTableTest.php" line="128" class="App\Test\TestCase\Model\Table\ResultadosTableTest" classname="App.Test.TestCase.Model.Table.ResultadosTableTest" assertions="4" time="0.177123"/>
      </testsuite>
    </testsuite>
  </testsuite>
</testsuites>
